
> types
> tsc --noEmit

node.exe : '\\wsl.loc
alhost\Ubuntu\home\ja
de\projects\marriott'
At line:1 char:1
+ & "C:\Program Files
\nodejs/node.exe" 
"C:\Program 
Files\nodejs/node_mo 
...
+ ~~~~~~~~~~~~~~~~~~~
~~~~~~~~~~~~~~~~~~~~~
~~~~~~~~~~~~~~~~~~~~~
~~~~~~~~
    + CategoryInfo   
           : NotSpe  
  cified: ('\\wsl.   
 localhos...jects    
\marriott':Strin    
g) [], RemoteExc    
eption
    + FullyQualified 
   ErrorId : Native  
  CommandError
 
CMD.EXE was started 
with the above path 
as the current 
directory.
UNC paths are not 
supported.  
Defaulting to 
Windows directory.
'tsc' is not 
recognized as an 
internal or external 
command,
operable program or 
batch file.
